// Jest Snapshot v1, https://goo.gl/fbAQLP

exports[`Styled Text Component should render correctly 1`] = `
<Text
  style={
    Array [
      Object {
        "color": "#333",
        "fontFamily": "Inter_400Regular",
        "fontSize": 20,
      },
    ]
  }
/>
`;
